------------------------------------------------------------
Timing Analyzer Summary
------------------------------------------------------------

Type  : Slow 1100mV 85C Model Setup 'clk'
Slack : -73.702
TNS   : -54204.900

Type  : Slow 1100mV 85C Model Hold 'clk'
Slack : 0.372
TNS   : 0.000

Type  : Slow 1100mV 85C Model Minimum Pulse Width 'clk'
Slack : -1.378
TNS   : -3427.599

Type  : Slow 1100mV 0C Model Setup 'clk'
Slack : -74.253
TNS   : -53957.296

Type  : Slow 1100mV 0C Model Hold 'clk'
Slack : 0.389
TNS   : 0.000

Type  : Slow 1100mV 0C Model Minimum Pulse Width 'clk'
Slack : -1.388
TNS   : -3442.751

Type  : Fast 1100mV 85C Model Setup 'clk'
Slack : -42.367
TNS   : -30917.211

Type  : Fast 1100mV 85C Model Hold 'clk'
Slack : 0.181
TNS   : 0.000

Type  : Fast 1100mV 85C Model Minimum Pulse Width 'clk'
Slack : -1.259
TNS   : -3173.330

Type  : Fast 1100mV 0C Model Setup 'clk'
Slack : -38.524
TNS   : -27809.016

Type  : Fast 1100mV 0C Model Hold 'clk'
Slack : 0.171
TNS   : 0.000

Type  : Fast 1100mV 0C Model Minimum Pulse Width 'clk'
Slack : -1.213
TNS   : -3250.046

------------------------------------------------------------
