------------------------------------------------------------
Timing Analyzer Summary
------------------------------------------------------------

Type  : Slow 1100mV 85C Model Setup 'clk'
Slack : -73.999
TNS   : -52820.482

Type  : Slow 1100mV 85C Model Hold 'clk'
Slack : 0.371
TNS   : 0.000

Type  : Slow 1100mV 85C Model Minimum Pulse Width 'clk'
Slack : -1.322
TNS   : -2889.095

Type  : Slow 1100mV 0C Model Setup 'clk'
Slack : -74.100
TNS   : -52482.310

Type  : Slow 1100mV 0C Model Hold 'clk'
Slack : 0.316
TNS   : 0.000

Type  : Slow 1100mV 0C Model Minimum Pulse Width 'clk'
Slack : -1.334
TNS   : -2868.273

Type  : Fast 1100mV 85C Model Setup 'clk'
Slack : -42.519
TNS   : -29741.185

Type  : Fast 1100mV 85C Model Hold 'clk'
Slack : 0.179
TNS   : 0.000

Type  : Fast 1100mV 85C Model Minimum Pulse Width 'clk'
Slack : -1.275
TNS   : -2514.697

Type  : Fast 1100mV 0C Model Setup 'clk'
Slack : -38.475
TNS   : -26712.791

Type  : Fast 1100mV 0C Model Hold 'clk'
Slack : 0.169
TNS   : 0.000

Type  : Fast 1100mV 0C Model Minimum Pulse Width 'clk'
Slack : -1.219
TNS   : -2660.005

------------------------------------------------------------
