Flow report for bitsys_de1
Fri Apr 24 20:28:28 2026
Quartus Prime Version 24.1std.0 Build 1077 03/04/2025 SC Lite Edition


---------------------
; Table of Contents ;
---------------------
  1. Legal Notice
  2. Flow Summary
  3. Flow Settings
  4. Flow Non-Default Global Settings
  5. Flow Elapsed Time
  6. Flow OS Summary
  7. Flow Log
  8. Flow Messages
  9. Flow Suppressed Messages



----------------
; Legal Notice ;
----------------
Copyright (C) 2025  Altera Corporation. All rights reserved.
Your use of Altera Corporation's design tools, logic functions 
and other software and tools, and any partner logic 
functions, and any output files from any of the foregoing 
(including device programming or simulation files), and any 
associated documentation or information are expressly subject 
to the terms and conditions of the Altera Program License 
Subscription Agreement, the Altera Quartus Prime License Agreement,
the Altera IP License Agreement, or other applicable license
agreement, including, without limitation, that your use is for
the sole purpose of programming logic devices manufactured by
Altera and sold by Altera or its authorized distributors.  Please
refer to the Altera Software License Subscription Agreements 
on the Quartus Prime software download page.



+-----------------------------------------------------------------------------------+
; Flow Summary                                                                      ;
+---------------------------------+-------------------------------------------------+
; Flow Status                     ; Successful - Fri Apr 24 20:26:54 2026           ;
; Quartus Prime Version           ; 24.1std.0 Build 1077 03/04/2025 SC Lite Edition ;
; Revision Name                   ; bitsys_de1                                      ;
; Top-level Entity Name           ; bitsys_uart_top                                 ;
; Family                          ; Cyclone V                                       ;
; Device                          ; 5CSEMA5F31C6                                    ;
; Timing Models                   ; Final                                           ;
; Logic utilization (in ALMs)     ; 11,414 / 32,070 ( 36 % )                        ;
; Total registers                 ; 2625                                            ;
; Total pins                      ; 6 / 457 ( 1 % )                                 ;
; Total virtual pins              ; 0                                               ;
; Total block memory bits         ; 0 / 4,065,280 ( 0 % )                           ;
; Total DSP Blocks                ; 0 / 87 ( 0 % )                                  ;
; Total HSSI RX PCSs              ; 0                                               ;
; Total HSSI PMA RX Deserializers ; 0                                               ;
; Total HSSI TX PCSs              ; 0                                               ;
; Total HSSI PMA TX Serializers   ; 0                                               ;
; Total PLLs                      ; 0 / 6 ( 0 % )                                   ;
; Total DLLs                      ; 0 / 4 ( 0 % )                                   ;
+---------------------------------+-------------------------------------------------+


+-----------------------------------------+
; Flow Settings                           ;
+-------------------+---------------------+
; Option            ; Setting             ;
+-------------------+---------------------+
; Start date & time ; 04/24/2026 20:14:35 ;
; Main task         ; Compilation         ;
; Revision Name     ; bitsys_de1          ;
+-------------------+---------------------+


+--------------------------------------------------------------------------------------------------------------------------------------+
; Flow Non-Default Global Settings                                                                                                     ;
+-------------------------------------+----------------------------------------+---------------+-----------------+---------------------+
; Assignment Name                     ; Value                                  ; Default Value ; Entity Name     ; Section Id          ;
+-------------------------------------+----------------------------------------+---------------+-----------------+---------------------+
; COMPILER_SIGNATURE_ID               ; 10995770589206.177707967414716         ; --            ; --              ; --                  ;
; MAX_CORE_JUNCTION_TEMP              ; 85                                     ; --            ; --              ; --                  ;
; MIN_CORE_JUNCTION_TEMP              ; 0                                      ; --            ; --              ; --                  ;
; NUM_PARALLEL_PROCESSORS             ; 4                                      ; --            ; --              ; --                  ;
; PARTITION_COLOR                     ; -- (Not supported for targeted family) ; --            ; bitsys_uart_top ; Top                 ;
; PARTITION_FITTER_PRESERVATION_LEVEL ; -- (Not supported for targeted family) ; --            ; bitsys_uart_top ; Top                 ;
; PARTITION_NETLIST_TYPE              ; -- (Not supported for targeted family) ; --            ; bitsys_uart_top ; Top                 ;
; POWER_BOARD_THERMAL_MODEL           ; None (CONSERVATIVE)                    ; --            ; --              ; --                  ;
; POWER_DEFAULT_INPUT_IO_TOGGLE_RATE  ; 100 %                                  ; 12.5%         ; --              ; --                  ;
; POWER_INPUT_FILE_NAME               ; tb_bitsys_power.vcd                    ; --            ; bitsys_uart_top ; tb_bitsys_power.vcd ;
; POWER_INPUT_FILE_TYPE               ; VCD                                    ; --            ; bitsys_uart_top ; tb_bitsys_power.vcd ;
; POWER_PRESET_COOLING_SOLUTION       ; 23 MM HEAT SINK WITH 200 LFPM AIRFLOW  ; --            ; --              ; --                  ;
; POWER_USE_INPUT_FILES               ; On                                     ; Off           ; --              ; --                  ;
; POWER_VCD_FILE_END_TIME             ; 2600120000 ps                          ; --            ; bitsys_uart_top ; tb_bitsys_power.vcd ;
; POWER_VCD_FILE_START_TIME           ; 120000 ps                              ; --            ; bitsys_uart_top ; tb_bitsys_power.vcd ;
; TOP_LEVEL_ENTITY                    ; bitsys_uart_top                        ; bitsys_de1    ; --              ; --                  ;
+-------------------------------------+----------------------------------------+---------------+-----------------+---------------------+


+--------------------------------------------------------------------------------------------------------------------------+
; Flow Elapsed Time                                                                                                        ;
+----------------------+--------------+-------------------------+---------------------+------------------------------------+
; Module Name          ; Elapsed Time ; Average Processors Used ; Peak Virtual Memory ; Total CPU Time (on all processors) ;
+----------------------+--------------+-------------------------+---------------------+------------------------------------+
; Analysis & Synthesis ; 00:02:21     ; 1.3                     ; 5173 MB             ; 00:02:20                           ;
; Fitter               ; 00:08:45     ; 1.3                     ; 6883 MB             ; 00:17:12                           ;
; Assembler            ; 00:00:25     ; 1.0                     ; 5377 MB             ; 00:00:23                           ;
; Timing Analyzer      ; 00:01:31     ; 2.1                     ; 5710 MB             ; 00:02:33                           ;
; Total                ; 00:13:02     ; --                      ; --                  ; 00:22:28                           ;
+----------------------+--------------+-------------------------+---------------------+------------------------------------+


+------------------------------------------------------------------------------------+
; Flow OS Summary                                                                    ;
+----------------------+------------------+------------+------------+----------------+
; Module Name          ; Machine Hostname ; OS Name    ; OS Version ; Processor type ;
+----------------------+------------------+------------+------------+----------------+
; Analysis & Synthesis ; Vidhya           ; Windows 10 ; 10.0       ; x86_64         ;
; Fitter               ; Vidhya           ; Windows 10 ; 10.0       ; x86_64         ;
; Assembler            ; Vidhya           ; Windows 10 ; 10.0       ; x86_64         ;
; Timing Analyzer      ; Vidhya           ; Windows 10 ; 10.0       ; x86_64         ;
+----------------------+------------------+------------+------------+----------------+


------------
; Flow Log ;
------------
quartus_map --read_settings_files=on --write_settings_files=off bitsys_de1 -c bitsys_de1
quartus_fit --read_settings_files=off --write_settings_files=off bitsys_de1 -c bitsys_de1
quartus_asm --read_settings_files=off --write_settings_files=off bitsys_de1 -c bitsys_de1
quartus_sta bitsys_de1 -c bitsys_de1



