 
****************************************
check_design summary:
Version:     X-2025.06
Date:        Fri Apr 24 14:46:34 2026
****************************************

                   Name                                            Total
--------------------------------------------------------------------------------
Cells                                                             220
    Cells do not drive (LINT-1)                                   215
    Connected to power or ground (LINT-32)                          5

Nets                                                               64
    Unloaded nets (LINT-2)                                         64
--------------------------------------------------------------------------------

Warning: In design 'bitsys_systolic_array', cell 'C3687' does not drive any nets. (LINT-1)
Warning: In design 'bitsys_mac', cell 'C204' does not drive any nets. (LINT-1)
Warning: In design 'bitsys_mul', cell 'C9383' does not drive any nets. (LINT-1)
Warning: In design 'bitsys_mul', cell 'C9384' does not drive any nets. (LINT-1)
Warning: In design 'bitsys_mul', cell 'C9390' does not drive any nets. (LINT-1)
Warning: In design 'bitsys_mul', cell 'C9391' does not drive any nets. (LINT-1)
Warning: In design 'bitsys_mul', cell 'C9397' does not drive any nets. (LINT-1)
Warning: In design 'bitsys_mul', cell 'C9398' does not drive any nets. (LINT-1)
Warning: In design 'bitsys_mul', cell 'C9404' does not drive any nets. (LINT-1)
Warning: In design 'bitsys_mul', cell 'C9405' does not drive any nets. (LINT-1)
Warning: In design 'bitsys_mul', cell 'C9411' does not drive any nets. (LINT-1)
Warning: In design 'bitsys_mul', cell 'C9412' does not drive any nets. (LINT-1)
Warning: In design 'bitsys_mul', cell 'C9418' does not drive any nets. (LINT-1)
Warning: In design 'bitsys_mul', cell 'C9419' does not drive any nets. (LINT-1)
Warning: In design 'bitsys_mul', cell 'C9425' does not drive any nets. (LINT-1)
Warning: In design 'bitsys_mul', cell 'C9426' does not drive any nets. (LINT-1)
Warning: In design 'bitsys_mul', cell 'C9432' does not drive any nets. (LINT-1)
Warning: In design 'bitsys_mul', cell 'C9433' does not drive any nets. (LINT-1)
Warning: In design 'bitsys_mul', cell 'C9439' does not drive any nets. (LINT-1)
Warning: In design 'bitsys_mul', cell 'C9440' does not drive any nets. (LINT-1)
Warning: In design 'bitsys_mul', cell 'C9446' does not drive any nets. (LINT-1)
Warning: In design 'bitsys_mul', cell 'C9447' does not drive any nets. (LINT-1)
Warning: In design 'bitsys_mul', cell 'C9453' does not drive any nets. (LINT-1)
Warning: In design 'bitsys_mul', cell 'C9454' does not drive any nets. (LINT-1)
Warning: In design 'bitsys_mul', cell 'C9460' does not drive any nets. (LINT-1)
Warning: In design 'bitsys_mul', cell 'C9461' does not drive any nets. (LINT-1)
Warning: In design 'bitsys_mul', cell 'C9467' does not drive any nets. (LINT-1)
Warning: In design 'bitsys_mul', cell 'C9468' does not drive any nets. (LINT-1)
Warning: In design 'bitsys_mul', cell 'C9474' does not drive any nets. (LINT-1)
Warning: In design 'bitsys_mul', cell 'C9475' does not drive any nets. (LINT-1)
Warning: In design 'bitsys_mul', cell 'C9481' does not drive any nets. (LINT-1)
Warning: In design 'bitsys_mul', cell 'C9482' does not drive any nets. (LINT-1)
Warning: In design 'bitsys_mul', cell 'C9488' does not drive any nets. (LINT-1)
Warning: In design 'bitsys_mul', cell 'C9489' does not drive any nets. (LINT-1)
Warning: In design 'bitsys_mul', cell 'C9495' does not drive any nets. (LINT-1)
Warning: In design 'bitsys_mul', cell 'C9496' does not drive any nets. (LINT-1)
Warning: In design 'bitsys_mul', cell 'C9502' does not drive any nets. (LINT-1)
Warning: In design 'bitsys_mul', cell 'C9503' does not drive any nets. (LINT-1)
Warning: In design 'bitsys_mul', cell 'C9509' does not drive any nets. (LINT-1)
Warning: In design 'bitsys_mul', cell 'C9510' does not drive any nets. (LINT-1)
Warning: In design 'bitsys_mul', cell 'C9516' does not drive any nets. (LINT-1)
Warning: In design 'bitsys_mul', cell 'C9517' does not drive any nets. (LINT-1)
Warning: In design 'bitsys_mul', cell 'C9523' does not drive any nets. (LINT-1)
Warning: In design 'bitsys_mul', cell 'C9524' does not drive any nets. (LINT-1)
Warning: In design 'bitsys_mul', cell 'C9530' does not drive any nets. (LINT-1)
Warning: In design 'bitsys_mul', cell 'C9531' does not drive any nets. (LINT-1)
Warning: In design 'bitsys_mul', cell 'C9537' does not drive any nets. (LINT-1)
Warning: In design 'bitsys_mul', cell 'C9538' does not drive any nets. (LINT-1)
Warning: In design 'bitsys_mul', cell 'C9544' does not drive any nets. (LINT-1)
Warning: In design 'bitsys_mul', cell 'C9545' does not drive any nets. (LINT-1)
Warning: In design 'bitsys_mul', cell 'C9551' does not drive any nets. (LINT-1)
Warning: In design 'bitsys_mul', cell 'C9552' does not drive any nets. (LINT-1)
Warning: In design 'bitsys_mul', cell 'C9558' does not drive any nets. (LINT-1)
Warning: In design 'bitsys_mul', cell 'C9559' does not drive any nets. (LINT-1)
Warning: In design 'bitsys_mul', cell 'C9565' does not drive any nets. (LINT-1)
Warning: In design 'bitsys_mul', cell 'C9566' does not drive any nets. (LINT-1)
Warning: In design 'bitsys_mul', cell 'C9572' does not drive any nets. (LINT-1)
Warning: In design 'bitsys_mul', cell 'C9573' does not drive any nets. (LINT-1)
Warning: In design 'bitsys_mul', cell 'C9579' does not drive any nets. (LINT-1)
Warning: In design 'bitsys_mul', cell 'C9580' does not drive any nets. (LINT-1)
Warning: In design 'bitsys_mul', cell 'C9586' does not drive any nets. (LINT-1)
Warning: In design 'bitsys_mul', cell 'C9587' does not drive any nets. (LINT-1)
Warning: In design 'bitsys_mul', cell 'C9593' does not drive any nets. (LINT-1)
Warning: In design 'bitsys_mul', cell 'C9594' does not drive any nets. (LINT-1)
Warning: In design 'bitsys_mul', cell 'C9600' does not drive any nets. (LINT-1)
Warning: In design 'bitsys_mul', cell 'C9601' does not drive any nets. (LINT-1)
Warning: In design 'bitsys_mul', cell 'C9607' does not drive any nets. (LINT-1)
Warning: In design 'bitsys_mul', cell 'C9608' does not drive any nets. (LINT-1)
Warning: In design 'bitsys_mul', cell 'C9614' does not drive any nets. (LINT-1)
Warning: In design 'bitsys_mul', cell 'C9615' does not drive any nets. (LINT-1)
Warning: In design 'bitsys_mul', cell 'C9621' does not drive any nets. (LINT-1)
Warning: In design 'bitsys_mul', cell 'C9622' does not drive any nets. (LINT-1)
Warning: In design 'bitsys_mul', cell 'C9628' does not drive any nets. (LINT-1)
Warning: In design 'bitsys_mul', cell 'C9629' does not drive any nets. (LINT-1)
Warning: In design 'bitsys_mul', cell 'C9635' does not drive any nets. (LINT-1)
Warning: In design 'bitsys_mul', cell 'C9636' does not drive any nets. (LINT-1)
Warning: In design 'bitsys_mul', cell 'C9642' does not drive any nets. (LINT-1)
Warning: In design 'bitsys_mul', cell 'C9643' does not drive any nets. (LINT-1)
Warning: In design 'bitsys_mul', cell 'C9649' does not drive any nets. (LINT-1)
Warning: In design 'bitsys_mul', cell 'C9650' does not drive any nets. (LINT-1)
Warning: In design 'bitsys_mul', cell 'C9656' does not drive any nets. (LINT-1)
Warning: In design 'bitsys_mul', cell 'C9657' does not drive any nets. (LINT-1)
Warning: In design 'bitsys_mul', cell 'C9663' does not drive any nets. (LINT-1)
Warning: In design 'bitsys_mul', cell 'C9664' does not drive any nets. (LINT-1)
Warning: In design 'bitsys_mul', cell 'C9670' does not drive any nets. (LINT-1)
Warning: In design 'bitsys_mul', cell 'C9671' does not drive any nets. (LINT-1)
Warning: In design 'bitsys_mul', cell 'C9677' does not drive any nets. (LINT-1)
Warning: In design 'bitsys_mul', cell 'C9678' does not drive any nets. (LINT-1)
Warning: In design 'bitsys_mul', cell 'C9684' does not drive any nets. (LINT-1)
Warning: In design 'bitsys_mul', cell 'C9685' does not drive any nets. (LINT-1)
Warning: In design 'bitsys_mul', cell 'C9691' does not drive any nets. (LINT-1)
Warning: In design 'bitsys_mul', cell 'C9692' does not drive any nets. (LINT-1)
Warning: In design 'bitsys_mul', cell 'C9698' does not drive any nets. (LINT-1)
Warning: In design 'bitsys_mul', cell 'C9699' does not drive any nets. (LINT-1)
Warning: In design 'bitsys_mul', cell 'C9705' does not drive any nets. (LINT-1)
Warning: In design 'bitsys_mul', cell 'C9706' does not drive any nets. (LINT-1)
Warning: In design 'bitsys_mul', cell 'C9712' does not drive any nets. (LINT-1)
Warning: In design 'bitsys_mul', cell 'C9713' does not drive any nets. (LINT-1)
Warning: In design 'bitsys_mul', cell 'C9719' does not drive any nets. (LINT-1)
Warning: In design 'bitsys_mul', cell 'C9720' does not drive any nets. (LINT-1)
Warning: In design 'bitsys_mul', cell 'C9726' does not drive any nets. (LINT-1)
Warning: In design 'bitsys_mul', cell 'C9727' does not drive any nets. (LINT-1)
Warning: In design 'bitsys_mul', cell 'C9733' does not drive any nets. (LINT-1)
Warning: In design 'bitsys_mul', cell 'C9734' does not drive any nets. (LINT-1)
Warning: In design 'bitsys_mul', cell 'C9740' does not drive any nets. (LINT-1)
Warning: In design 'bitsys_mul', cell 'C9741' does not drive any nets. (LINT-1)
Warning: In design 'bitsys_mul', cell 'C9747' does not drive any nets. (LINT-1)
Warning: In design 'bitsys_mul', cell 'C9748' does not drive any nets. (LINT-1)
Warning: In design 'bitsys_mul', cell 'C9754' does not drive any nets. (LINT-1)
Warning: In design 'bitsys_mul', cell 'C9755' does not drive any nets. (LINT-1)
Warning: In design 'bitsys_mul', cell 'C9761' does not drive any nets. (LINT-1)
Warning: In design 'bitsys_mul', cell 'C9762' does not drive any nets. (LINT-1)
Warning: In design 'bitsys_mul', cell 'C9768' does not drive any nets. (LINT-1)
Warning: In design 'bitsys_mul', cell 'C9769' does not drive any nets. (LINT-1)
Warning: In design 'bitsys_mul', cell 'C9775' does not drive any nets. (LINT-1)
Warning: In design 'bitsys_mul', cell 'C9776' does not drive any nets. (LINT-1)
Warning: In design 'bitsys_mul', cell 'C9782' does not drive any nets. (LINT-1)
Warning: In design 'bitsys_mul', cell 'C9783' does not drive any nets. (LINT-1)
Warning: In design 'bitsys_mul', cell 'C9789' does not drive any nets. (LINT-1)
Warning: In design 'bitsys_mul', cell 'C9790' does not drive any nets. (LINT-1)
Warning: In design 'bitsys_mul', cell 'C9796' does not drive any nets. (LINT-1)
Warning: In design 'bitsys_mul', cell 'C9797' does not drive any nets. (LINT-1)
Warning: In design 'bitsys_mul', cell 'C9803' does not drive any nets. (LINT-1)
Warning: In design 'bitsys_mul', cell 'C9804' does not drive any nets. (LINT-1)
Warning: In design 'bitsys_mul', cell 'C9810' does not drive any nets. (LINT-1)
Warning: In design 'bitsys_mul', cell 'C9811' does not drive any nets. (LINT-1)
Warning: In design 'bitsys_mul', cell 'C9817' does not drive any nets. (LINT-1)
Warning: In design 'bitsys_mul', cell 'C9818' does not drive any nets. (LINT-1)
Warning: In design 'bitsys_mul', cell 'C9828' does not drive any nets. (LINT-1)
Warning: In design 'bitsys_mul', cell 'C9829' does not drive any nets. (LINT-1)
Warning: In design 'bitsys_mul', cell 'C9835' does not drive any nets. (LINT-1)
Warning: In design 'bitsys_mul', cell 'C9836' does not drive any nets. (LINT-1)
Warning: In design 'bitsys_mul', cell 'C9842' does not drive any nets. (LINT-1)
Warning: In design 'bitsys_mul', cell 'C9843' does not drive any nets. (LINT-1)
Warning: In design 'bitsys_mul', cell 'C9849' does not drive any nets. (LINT-1)
Warning: In design 'bitsys_mul', cell 'C9850' does not drive any nets. (LINT-1)
Warning: In design 'bitsys_mul', cell 'C9856' does not drive any nets. (LINT-1)
Warning: In design 'bitsys_mul', cell 'C9857' does not drive any nets. (LINT-1)
Warning: In design 'bitsys_mul', cell 'C9863' does not drive any nets. (LINT-1)
Warning: In design 'bitsys_mul', cell 'C9864' does not drive any nets. (LINT-1)
Warning: In design 'bitsys_mul', cell 'C9870' does not drive any nets. (LINT-1)
Warning: In design 'bitsys_mul', cell 'C9871' does not drive any nets. (LINT-1)
Warning: In design 'bitsys_mul', cell 'C9877' does not drive any nets. (LINT-1)
Warning: In design 'bitsys_mul', cell 'C9878' does not drive any nets. (LINT-1)
Warning: In design 'bitsys_mul', cell 'C9884' does not drive any nets. (LINT-1)
Warning: In design 'bitsys_mul', cell 'C9885' does not drive any nets. (LINT-1)
Warning: In design 'bitsys_mul', cell 'C9891' does not drive any nets. (LINT-1)
Warning: In design 'bitsys_mul', cell 'C9892' does not drive any nets. (LINT-1)
Warning: In design 'bitsys_mul', cell 'C9898' does not drive any nets. (LINT-1)
Warning: In design 'bitsys_mul', cell 'C9899' does not drive any nets. (LINT-1)
Warning: In design 'bitsys_mul', cell 'C9905' does not drive any nets. (LINT-1)
Warning: In design 'bitsys_mul', cell 'C9906' does not drive any nets. (LINT-1)
Warning: In design 'bitsys_mul', cell 'C9912' does not drive any nets. (LINT-1)
Warning: In design 'bitsys_mul', cell 'C9913' does not drive any nets. (LINT-1)
Warning: In design 'bitsys_mul', cell 'C9919' does not drive any nets. (LINT-1)
Warning: In design 'bitsys_mul', cell 'C9920' does not drive any nets. (LINT-1)
Warning: In design 'bitsys_mul', cell 'C9926' does not drive any nets. (LINT-1)
Warning: In design 'bitsys_mul', cell 'C9927' does not drive any nets. (LINT-1)
Warning: In design 'bitsys_mul', cell 'C9936' does not drive any nets. (LINT-1)
Warning: In design 'bitsys_mul', cell 'C9937' does not drive any nets. (LINT-1)
Warning: In design 'bitsys_mul', cell 'C9943' does not drive any nets. (LINT-1)
Warning: In design 'bitsys_mul', cell 'C9944' does not drive any nets. (LINT-1)
Warning: In design 'bitsys_mul', cell 'C9950' does not drive any nets. (LINT-1)
Warning: In design 'bitsys_mul', cell 'C9951' does not drive any nets. (LINT-1)
Warning: In design 'bitsys_mul', cell 'C9957' does not drive any nets. (LINT-1)
Warning: In design 'bitsys_mul', cell 'C9958' does not drive any nets. (LINT-1)
Warning: In design 'bitsys_mul', cell 'C9964' does not drive any nets. (LINT-1)
Warning: In design 'bitsys_mul', cell 'C9965' does not drive any nets. (LINT-1)
Warning: In design 'bitsys_mul', cell 'C9971' does not drive any nets. (LINT-1)
Warning: In design 'bitsys_mul', cell 'C9972' does not drive any nets. (LINT-1)
Warning: In design 'bitsys_mul', cell 'C9978' does not drive any nets. (LINT-1)
Warning: In design 'bitsys_mul', cell 'C9979' does not drive any nets. (LINT-1)
Warning: In design 'bitsys_mul', cell 'C9985' does not drive any nets. (LINT-1)
Warning: In design 'bitsys_mul', cell 'C9986' does not drive any nets. (LINT-1)
Warning: In design 'bitsys_mul', cell 'C9992' does not drive any nets. (LINT-1)
Warning: In design 'bitsys_mul', cell 'C9993' does not drive any nets. (LINT-1)
Warning: In design 'bitsys_mul', cell 'C9999' does not drive any nets. (LINT-1)
Warning: In design 'bitsys_mul', cell 'C10000' does not drive any nets. (LINT-1)
Warning: In design 'bitsys_mul', cell 'C10006' does not drive any nets. (LINT-1)
Warning: In design 'bitsys_mul', cell 'C10007' does not drive any nets. (LINT-1)
Warning: In design 'bitsys_mul', cell 'C10013' does not drive any nets. (LINT-1)
Warning: In design 'bitsys_mul', cell 'C10014' does not drive any nets. (LINT-1)
Warning: In design 'bitsys_mul', cell 'C10020' does not drive any nets. (LINT-1)
Warning: In design 'bitsys_mul', cell 'C10021' does not drive any nets. (LINT-1)
Warning: In design 'bitsys_mul', cell 'C10027' does not drive any nets. (LINT-1)
Warning: In design 'bitsys_mul', cell 'C10028' does not drive any nets. (LINT-1)
Warning: In design 'bitsys_mul', cell 'C10034' does not drive any nets. (LINT-1)
Warning: In design 'bitsys_mul', cell 'C10035' does not drive any nets. (LINT-1)
Warning: In design 'bitsys_mul', cell 'C10045' does not drive any nets. (LINT-1)
Warning: In design 'bitsys_mul', cell 'C10046' does not drive any nets. (LINT-1)
Warning: In design 'bitsys_mul', cell 'C10052' does not drive any nets. (LINT-1)
Warning: In design 'bitsys_mul', cell 'C10053' does not drive any nets. (LINT-1)
Warning: In design 'bitsys_mul', cell 'C10059' does not drive any nets. (LINT-1)
Warning: In design 'bitsys_mul', cell 'C10060' does not drive any nets. (LINT-1)
Warning: In design 'bitsys_mul', cell 'C10069' does not drive any nets. (LINT-1)
Warning: In design 'bitsys_mul', cell 'C10070' does not drive any nets. (LINT-1)
Warning: In design 'bitsys_mul', cell 'C10076' does not drive any nets. (LINT-1)
Warning: In design 'bitsys_mul', cell 'C10077' does not drive any nets. (LINT-1)
Warning: In design 'bitsys_mul', cell 'C10083' does not drive any nets. (LINT-1)
Warning: In design 'bitsys_mul', cell 'C10084' does not drive any nets. (LINT-1)
Warning: In design 'bitsys_mul', cell 'C10093' does not drive any nets. (LINT-1)
Warning: In design 'bitsys_mul', cell 'C10094' does not drive any nets. (LINT-1)
Warning: In design 'bitsys_mul', cell 'C10100' does not drive any nets. (LINT-1)
Warning: In design 'bitsys_mul', cell 'C10101' does not drive any nets. (LINT-1)
Warning: In design 'bitsys_mul', cell 'C10107' does not drive any nets. (LINT-1)
Warning: In design 'bitsys_mul', cell 'C10108' does not drive any nets. (LINT-1)
Warning: In design 'bitsys_mul', cell 'C10117' does not drive any nets. (LINT-1)
Warning: In design 'bitsys_mul', cell 'C10118' does not drive any nets. (LINT-1)
Warning: In design 'bitsys_mul', cell 'C10124' does not drive any nets. (LINT-1)
Warning: In design 'bitsys_mul', cell 'C10125' does not drive any nets. (LINT-1)
Warning: In design 'bitsys_mul', cell 'C10131' does not drive any nets. (LINT-1)
Warning: In design 'bitsys_mul', cell 'C10132' does not drive any nets. (LINT-1)
Warning: In design 'bitsys_accu_conv', cell 'B_6' does not drive any nets. (LINT-1)
Warning: In design 'bitsys_accu_conv', cell 'B_7' does not drive any nets. (LINT-1)
Warning: In design 'bitsys_accu_conv', cell 'B_8' does not drive any nets. (LINT-1)
Warning: In design 'bitsys_systolic_array', net 'a_h[0][4][0]' driven by pin 'row_g[0].col_g[3].u_mac/a_out[0]' has no loads. (LINT-2)
Warning: In design 'bitsys_systolic_array', net 'a_h[0][4][1]' driven by pin 'row_g[0].col_g[3].u_mac/a_out[1]' has no loads. (LINT-2)
Warning: In design 'bitsys_systolic_array', net 'a_h[0][4][2]' driven by pin 'row_g[0].col_g[3].u_mac/a_out[2]' has no loads. (LINT-2)
Warning: In design 'bitsys_systolic_array', net 'a_h[0][4][3]' driven by pin 'row_g[0].col_g[3].u_mac/a_out[3]' has no loads. (LINT-2)
Warning: In design 'bitsys_systolic_array', net 'a_h[0][4][4]' driven by pin 'row_g[0].col_g[3].u_mac/a_out[4]' has no loads. (LINT-2)
Warning: In design 'bitsys_systolic_array', net 'a_h[0][4][5]' driven by pin 'row_g[0].col_g[3].u_mac/a_out[5]' has no loads. (LINT-2)
Warning: In design 'bitsys_systolic_array', net 'a_h[0][4][6]' driven by pin 'row_g[0].col_g[3].u_mac/a_out[6]' has no loads. (LINT-2)
Warning: In design 'bitsys_systolic_array', net 'a_h[0][4][7]' driven by pin 'row_g[0].col_g[3].u_mac/a_out[7]' has no loads. (LINT-2)
Warning: In design 'bitsys_systolic_array', net 'a_h[1][4][0]' driven by pin 'row_g[1].col_g[3].u_mac/a_out[0]' has no loads. (LINT-2)
Warning: In design 'bitsys_systolic_array', net 'a_h[1][4][1]' driven by pin 'row_g[1].col_g[3].u_mac/a_out[1]' has no loads. (LINT-2)
Warning: In design 'bitsys_systolic_array', net 'a_h[1][4][2]' driven by pin 'row_g[1].col_g[3].u_mac/a_out[2]' has no loads. (LINT-2)
Warning: In design 'bitsys_systolic_array', net 'a_h[1][4][3]' driven by pin 'row_g[1].col_g[3].u_mac/a_out[3]' has no loads. (LINT-2)
Warning: In design 'bitsys_systolic_array', net 'a_h[1][4][4]' driven by pin 'row_g[1].col_g[3].u_mac/a_out[4]' has no loads. (LINT-2)
Warning: In design 'bitsys_systolic_array', net 'a_h[1][4][5]' driven by pin 'row_g[1].col_g[3].u_mac/a_out[5]' has no loads. (LINT-2)
Warning: In design 'bitsys_systolic_array', net 'a_h[1][4][6]' driven by pin 'row_g[1].col_g[3].u_mac/a_out[6]' has no loads. (LINT-2)
Warning: In design 'bitsys_systolic_array', net 'a_h[1][4][7]' driven by pin 'row_g[1].col_g[3].u_mac/a_out[7]' has no loads. (LINT-2)
Warning: In design 'bitsys_systolic_array', net 'a_h[2][4][0]' driven by pin 'row_g[2].col_g[3].u_mac/a_out[0]' has no loads. (LINT-2)
Warning: In design 'bitsys_systolic_array', net 'a_h[2][4][1]' driven by pin 'row_g[2].col_g[3].u_mac/a_out[1]' has no loads. (LINT-2)
Warning: In design 'bitsys_systolic_array', net 'a_h[2][4][2]' driven by pin 'row_g[2].col_g[3].u_mac/a_out[2]' has no loads. (LINT-2)
Warning: In design 'bitsys_systolic_array', net 'a_h[2][4][3]' driven by pin 'row_g[2].col_g[3].u_mac/a_out[3]' has no loads. (LINT-2)
Warning: In design 'bitsys_systolic_array', net 'a_h[2][4][4]' driven by pin 'row_g[2].col_g[3].u_mac/a_out[4]' has no loads. (LINT-2)
Warning: In design 'bitsys_systolic_array', net 'a_h[2][4][5]' driven by pin 'row_g[2].col_g[3].u_mac/a_out[5]' has no loads. (LINT-2)
Warning: In design 'bitsys_systolic_array', net 'a_h[2][4][6]' driven by pin 'row_g[2].col_g[3].u_mac/a_out[6]' has no loads. (LINT-2)
Warning: In design 'bitsys_systolic_array', net 'a_h[2][4][7]' driven by pin 'row_g[2].col_g[3].u_mac/a_out[7]' has no loads. (LINT-2)
Warning: In design 'bitsys_systolic_array', net 'b_v[4][0][0]' driven by pin 'row_g[3].col_g[0].u_mac/b_out[0]' has no loads. (LINT-2)
Warning: In design 'bitsys_systolic_array', net 'b_v[4][0][1]' driven by pin 'row_g[3].col_g[0].u_mac/b_out[1]' has no loads. (LINT-2)
Warning: In design 'bitsys_systolic_array', net 'b_v[4][0][2]' driven by pin 'row_g[3].col_g[0].u_mac/b_out[2]' has no loads. (LINT-2)
Warning: In design 'bitsys_systolic_array', net 'b_v[4][0][3]' driven by pin 'row_g[3].col_g[0].u_mac/b_out[3]' has no loads. (LINT-2)
Warning: In design 'bitsys_systolic_array', net 'b_v[4][0][4]' driven by pin 'row_g[3].col_g[0].u_mac/b_out[4]' has no loads. (LINT-2)
Warning: In design 'bitsys_systolic_array', net 'b_v[4][0][5]' driven by pin 'row_g[3].col_g[0].u_mac/b_out[5]' has no loads. (LINT-2)
Warning: In design 'bitsys_systolic_array', net 'b_v[4][0][6]' driven by pin 'row_g[3].col_g[0].u_mac/b_out[6]' has no loads. (LINT-2)
Warning: In design 'bitsys_systolic_array', net 'b_v[4][0][7]' driven by pin 'row_g[3].col_g[0].u_mac/b_out[7]' has no loads. (LINT-2)
Warning: In design 'bitsys_systolic_array', net 'b_v[4][1][0]' driven by pin 'row_g[3].col_g[1].u_mac/b_out[0]' has no loads. (LINT-2)
Warning: In design 'bitsys_systolic_array', net 'b_v[4][1][1]' driven by pin 'row_g[3].col_g[1].u_mac/b_out[1]' has no loads. (LINT-2)
Warning: In design 'bitsys_systolic_array', net 'b_v[4][1][2]' driven by pin 'row_g[3].col_g[1].u_mac/b_out[2]' has no loads. (LINT-2)
Warning: In design 'bitsys_systolic_array', net 'b_v[4][1][3]' driven by pin 'row_g[3].col_g[1].u_mac/b_out[3]' has no loads. (LINT-2)
Warning: In design 'bitsys_systolic_array', net 'b_v[4][1][4]' driven by pin 'row_g[3].col_g[1].u_mac/b_out[4]' has no loads. (LINT-2)
Warning: In design 'bitsys_systolic_array', net 'b_v[4][1][5]' driven by pin 'row_g[3].col_g[1].u_mac/b_out[5]' has no loads. (LINT-2)
Warning: In design 'bitsys_systolic_array', net 'b_v[4][1][6]' driven by pin 'row_g[3].col_g[1].u_mac/b_out[6]' has no loads. (LINT-2)
Warning: In design 'bitsys_systolic_array', net 'b_v[4][1][7]' driven by pin 'row_g[3].col_g[1].u_mac/b_out[7]' has no loads. (LINT-2)
Warning: In design 'bitsys_systolic_array', net 'b_v[4][2][0]' driven by pin 'row_g[3].col_g[2].u_mac/b_out[0]' has no loads. (LINT-2)
Warning: In design 'bitsys_systolic_array', net 'b_v[4][2][1]' driven by pin 'row_g[3].col_g[2].u_mac/b_out[1]' has no loads. (LINT-2)
Warning: In design 'bitsys_systolic_array', net 'b_v[4][2][2]' driven by pin 'row_g[3].col_g[2].u_mac/b_out[2]' has no loads. (LINT-2)
Warning: In design 'bitsys_systolic_array', net 'b_v[4][2][3]' driven by pin 'row_g[3].col_g[2].u_mac/b_out[3]' has no loads. (LINT-2)
Warning: In design 'bitsys_systolic_array', net 'b_v[4][2][4]' driven by pin 'row_g[3].col_g[2].u_mac/b_out[4]' has no loads. (LINT-2)
Warning: In design 'bitsys_systolic_array', net 'b_v[4][2][5]' driven by pin 'row_g[3].col_g[2].u_mac/b_out[5]' has no loads. (LINT-2)
Warning: In design 'bitsys_systolic_array', net 'b_v[4][2][6]' driven by pin 'row_g[3].col_g[2].u_mac/b_out[6]' has no loads. (LINT-2)
Warning: In design 'bitsys_systolic_array', net 'b_v[4][2][7]' driven by pin 'row_g[3].col_g[2].u_mac/b_out[7]' has no loads. (LINT-2)
Warning: In design 'bitsys_systolic_array', net 'b_v[4][3][0]' driven by pin 'row_g[3].col_g[3].u_mac/b_out[0]' has no loads. (LINT-2)
Warning: In design 'bitsys_systolic_array', net 'b_v[4][3][1]' driven by pin 'row_g[3].col_g[3].u_mac/b_out[1]' has no loads. (LINT-2)
Warning: In design 'bitsys_systolic_array', net 'b_v[4][3][2]' driven by pin 'row_g[3].col_g[3].u_mac/b_out[2]' has no loads. (LINT-2)
Warning: In design 'bitsys_systolic_array', net 'b_v[4][3][3]' driven by pin 'row_g[3].col_g[3].u_mac/b_out[3]' has no loads. (LINT-2)
Warning: In design 'bitsys_systolic_array', net 'b_v[4][3][4]' driven by pin 'row_g[3].col_g[3].u_mac/b_out[4]' has no loads. (LINT-2)
Warning: In design 'bitsys_systolic_array', net 'b_v[4][3][5]' driven by pin 'row_g[3].col_g[3].u_mac/b_out[5]' has no loads. (LINT-2)
Warning: In design 'bitsys_systolic_array', net 'b_v[4][3][6]' driven by pin 'row_g[3].col_g[3].u_mac/b_out[6]' has no loads. (LINT-2)
Warning: In design 'bitsys_systolic_array', net 'b_v[4][3][7]' driven by pin 'row_g[3].col_g[3].u_mac/b_out[7]' has no loads. (LINT-2)
Warning: In design 'bitsys_systolic_array', net 'a_h[3][4][0]' driven by pin 'row_g[3].col_g[3].u_mac/a_out[0]' has no loads. (LINT-2)
Warning: In design 'bitsys_systolic_array', net 'a_h[3][4][1]' driven by pin 'row_g[3].col_g[3].u_mac/a_out[1]' has no loads. (LINT-2)
Warning: In design 'bitsys_systolic_array', net 'a_h[3][4][2]' driven by pin 'row_g[3].col_g[3].u_mac/a_out[2]' has no loads. (LINT-2)
Warning: In design 'bitsys_systolic_array', net 'a_h[3][4][3]' driven by pin 'row_g[3].col_g[3].u_mac/a_out[3]' has no loads. (LINT-2)
Warning: In design 'bitsys_systolic_array', net 'a_h[3][4][4]' driven by pin 'row_g[3].col_g[3].u_mac/a_out[4]' has no loads. (LINT-2)
Warning: In design 'bitsys_systolic_array', net 'a_h[3][4][5]' driven by pin 'row_g[3].col_g[3].u_mac/a_out[5]' has no loads. (LINT-2)
Warning: In design 'bitsys_systolic_array', net 'a_h[3][4][6]' driven by pin 'row_g[3].col_g[3].u_mac/a_out[6]' has no loads. (LINT-2)
Warning: In design 'bitsys_systolic_array', net 'a_h[3][4][7]' driven by pin 'row_g[3].col_g[3].u_mac/a_out[7]' has no loads. (LINT-2)
Warning: In design 'bitsys_systolic_array', a pin on submodule 'u_clk_gate_skew' is connected to logic 1 or logic 0. (LINT-32)
   Pin 'test_enable' is connected to logic 0. 
Warning: In design 'bitsys_systolic_array', a pin on submodule 'u_clk_gate_clear' is connected to logic 1 or logic 0. (LINT-32)
   Pin 'test_enable' is connected to logic 0. 
Warning: In design 'bitsys_systolic_array', a pin on submodule 'u_clk_gate_cnt' is connected to logic 1 or logic 0. (LINT-32)
   Pin 'test_enable' is connected to logic 0. 
Warning: In design 'bitsys_mac', a pin on submodule 'u_clk_gate_accu' is connected to logic 1 or logic 0. (LINT-32)
   Pin 'test_enable' is connected to logic 0. 
Warning: In design 'bitsys_mac', a pin on submodule 'u_clk_gate_data' is connected to logic 1 or logic 0. (LINT-32)
   Pin 'test_enable' is connected to logic 0. 
1
