 
****************************************
Report : qor
Design : bitsys_systolic_array
Version: X-2025.06
Date   : Fri Apr 24 14:52:20 2026
****************************************


  Timing Path Group 'clk'
  -----------------------------------
  Levels of Logic:               8.00
  Critical Path Length:        448.22
  Critical Path Slack:        9551.73
  Critical Path Clk Period:  20000.00
  Total Negative Slack:          0.00
  No. of Violating Paths:        0.00
  Worst Hold Violation:          0.00
  Total Hold Violation:          0.00
  No. of Hold Violations:        0.00
  -----------------------------------


  Cell Count
  -----------------------------------
  Hierarchical Cell Count:          0
  Hierarchical Port Count:          0
  Leaf Cell Count:              35370
  Buf/Inv Cell Count:            9518
  Buf Cell Count:                 422
  Inv Cell Count:                9096
  CT Buf/Inv Cell Count:            0
  Combinational Cell Count:     33942
  Sequential Cell Count:         1428
  Macro Count:                      0
  -----------------------------------


  Area
  -----------------------------------
  Combinational Area:     2950.219241
  Noncombinational Area:   535.712937
  Buf/Inv Area:            423.782285
  Total Buffer Area:            25.92
  Total Inverter Area:         397.86
  Macro/Black Box Area:      0.000000
  Net Area:                  0.000000
  -----------------------------------
  Cell Area:              3485.932178
  Design Area:            3485.932178


  Design Rules
  -----------------------------------
  Total Number of Nets:         38132
  Nets With Violations:             0
  Max Trans Violations:             0
  Max Cap Violations:               0
  -----------------------------------


  Hostname: tux-117

  Compile CPU Statistics
  -----------------------------------------
  Resource Sharing:                   58.67
  Logic Optimization:                 66.75
  Mapping Optimization:               36.59
  -----------------------------------------
  Overall Compile Time:              167.59
  Overall Compile Wall Clock Time:   119.05

  --------------------------------------------------------------------

  Design  WNS: 0.00  TNS: 0.00  Number of Violating Paths: 0


  Design (Hold)  WNS: 0.00  TNS: 0.00  Number of Violating Paths: 0

  --------------------------------------------------------------------


1
