 
****************************************
Report : area
Design : bitsys_systolic_array
Version: X-2025.06
Date   : Fri Apr 24 15:13:41 2026
****************************************

Information: Updating design information... (UID-85)
Warning: Design 'bitsys_systolic_array' contains 1 high-fanout nets. A fanout number of 1000 will be used for delay calculations involving these nets. (TIM-134)
Library(s) Used:

    asap7sc7p5t_INVBUF_RVT_TT_nldm_211120 (File: /filespace/v/vsathishkuma/ECE751/Final/multiPrecisionSystolicArray/Synthesis/asap7sc7p5t_28/LIB/NLDM/asap7sc7p5t_INVBUF_RVT_TT_nldm_211120.db)
    asap7sc7p5t_SIMPLE_RVT_TT_nldm_211120 (File: /filespace/v/vsathishkuma/ECE751/Final/multiPrecisionSystolicArray/Synthesis/asap7sc7p5t_28/LIB/NLDM/asap7sc7p5t_SIMPLE_RVT_TT_nldm_211120.db)
    asap7sc7p5t_AO_RVT_TT_nldm_211120 (File: /filespace/v/vsathishkuma/ECE751/Final/multiPrecisionSystolicArray/Synthesis/asap7sc7p5t_28/LIB/NLDM/asap7sc7p5t_AO_RVT_TT_nldm_211120.db)
    asap7sc7p5t_OA_RVT_TT_nldm_211120 (File: /filespace/v/vsathishkuma/ECE751/Final/multiPrecisionSystolicArray/Synthesis/asap7sc7p5t_28/LIB/NLDM/asap7sc7p5t_OA_RVT_TT_nldm_211120.db)
    asap7sc7p5t_SEQ_RVT_TT_nldm_220123 (File: /filespace/v/vsathishkuma/ECE751/Final/multiPrecisionSystolicArray/Synthesis/asap7sc7p5t_28/LIB/NLDM/asap7sc7p5t_SEQ_RVT_TT_nldm_220123.db)

Number of ports:                          584
Number of nets:                         38131
Number of cells:                        35370
Number of combinational cells:          33942
Number of sequential cells:              1428
Number of macros/black boxes:               0
Number of buf/inv:                       9518
Number of references:                      56

Combinational area:               2950.219241
Buf/Inv area:                      423.782285
Noncombinational area:             535.712937
Macro/Black Box area:                0.000000
Net Interconnect area:      undefined  (No wire load specified)

Total cell area:                  3485.932178
Total area:                 undefined

Hierarchical area distribution
------------------------------

                                  Global cell area          Local cell area
                                  ------------------  ---------------------------- 
Hierarchical cell                 Absolute   Percent  Combi-     Noncombi-  Black-
                                  Total      Total    national   national   boxes   Design
--------------------------------  ---------  -------  ---------  ---------  ------  ---------
bitsys_systolic_array             3485.9322    100.0  2950.2192   535.7129  0.0000  bitsys_systolic_array
--------------------------------  ---------  -------  ---------  ---------  ------  ---------
Total                                                 2950.2192   535.7129  0.0000

1
