 
****************************************
Report : timing
        -path full
        -delay min
        -max_paths 20
Design : bitsys_systolic_array
Version: X-2025.06
Date   : Fri Apr 24 15:13:46 2026
****************************************

 # A fanout number of 1000 was used for high fanout net computations.

Operating Conditions: PVT_0P7V_25C   Library: asap7sc7p5t_AO_RVT_TT_nldm_211120
Wire Load Model Mode: segmented

  Startpoint: a_in[1][7] (input port clocked by clk)
  Endpoint: clk_r_REG1073_S1
            (rising edge-triggered flip-flop clocked by clk)
  Path Group: clk
  Path Type: min

  Point                                                   Incr       Path
  --------------------------------------------------------------------------
  clock clk (rise edge)                                   0.00       0.00
  clock network delay (ideal)                             0.00       0.00
  input external delay                                    0.50       0.50 r
  a_in[1][7] (in)                                         0.00       0.50 r
  U32467/Y (INVxp33_ASAP7_75t_R)                          6.94       7.44 f
  U39796/Y (INVx1_ASAP7_75t_R)                            7.91      15.35 r
  U21473/Y (INVx1_ASAP7_75t_R)                            6.22      21.57 f
  clk_r_REG1073_S1/D (DFFASRHQNx1_ASAP7_75t_R)            0.00      21.57 f
  data arrival time                                                 21.57

  clock clk (rise edge)                                   0.00       0.00
  clock network delay (ideal)                             0.00       0.00
  clock uncertainty                                       0.05       0.05
  clk_r_REG1073_S1/CLK (DFFASRHQNx1_ASAP7_75t_R)          0.00       0.05 r
  library hold time                                      20.32      20.37
  data required time                                                20.37
  --------------------------------------------------------------------------
  data required time                                                20.37
  data arrival time                                                -21.57
  --------------------------------------------------------------------------
  slack (MET)                                                        1.20


  Startpoint: a_in[1][6] (input port clocked by clk)
  Endpoint: clk_r_REG1078_S1
            (rising edge-triggered flip-flop clocked by clk)
  Path Group: clk
  Path Type: min

  Point                                                   Incr       Path
  --------------------------------------------------------------------------
  clock clk (rise edge)                                   0.00       0.00
  clock network delay (ideal)                             0.00       0.00
  input external delay                                    0.50       0.50 r
  a_in[1][6] (in)                                         0.00       0.50 r
  U32523/Y (INVxp33_ASAP7_75t_R)                          6.94       7.44 f
  U39795/Y (INVx1_ASAP7_75t_R)                            7.91      15.35 r
  U21474/Y (INVx1_ASAP7_75t_R)                            6.22      21.57 f
  clk_r_REG1078_S1/D (DFFASRHQNx1_ASAP7_75t_R)            0.00      21.57 f
  data arrival time                                                 21.57

  clock clk (rise edge)                                   0.00       0.00
  clock network delay (ideal)                             0.00       0.00
  clock uncertainty                                       0.05       0.05
  clk_r_REG1078_S1/CLK (DFFASRHQNx1_ASAP7_75t_R)          0.00       0.05 r
  library hold time                                      20.32      20.37
  data required time                                                20.37
  --------------------------------------------------------------------------
  data required time                                                20.37
  data arrival time                                                -21.57
  --------------------------------------------------------------------------
  slack (MET)                                                        1.20


  Startpoint: a_in[1][5] (input port clocked by clk)
  Endpoint: clk_r_REG1083_S1
            (rising edge-triggered flip-flop clocked by clk)
  Path Group: clk
  Path Type: min

  Point                                                   Incr       Path
  --------------------------------------------------------------------------
  clock clk (rise edge)                                   0.00       0.00
  clock network delay (ideal)                             0.00       0.00
  input external delay                                    0.50       0.50 r
  a_in[1][5] (in)                                         0.00       0.50 r
  U32522/Y (INVxp33_ASAP7_75t_R)                          6.94       7.44 f
  U39794/Y (INVx1_ASAP7_75t_R)                            7.91      15.35 r
  U21475/Y (INVx1_ASAP7_75t_R)                            6.22      21.57 f
  clk_r_REG1083_S1/D (DFFASRHQNx1_ASAP7_75t_R)            0.00      21.57 f
  data arrival time                                                 21.57

  clock clk (rise edge)                                   0.00       0.00
  clock network delay (ideal)                             0.00       0.00
  clock uncertainty                                       0.05       0.05
  clk_r_REG1083_S1/CLK (DFFASRHQNx1_ASAP7_75t_R)          0.00       0.05 r
  library hold time                                      20.32      20.37
  data required time                                                20.37
  --------------------------------------------------------------------------
  data required time                                                20.37
  data arrival time                                                -21.57
  --------------------------------------------------------------------------
  slack (MET)                                                        1.20


  Startpoint: a_in[1][4] (input port clocked by clk)
  Endpoint: clk_r_REG1088_S1
            (rising edge-triggered flip-flop clocked by clk)
  Path Group: clk
  Path Type: min

  Point                                                   Incr       Path
  --------------------------------------------------------------------------
  clock clk (rise edge)                                   0.00       0.00
  clock network delay (ideal)                             0.00       0.00
  input external delay                                    0.50       0.50 r
  a_in[1][4] (in)                                         0.00       0.50 r
  U32521/Y (INVxp33_ASAP7_75t_R)                          6.94       7.44 f
  U39793/Y (INVx1_ASAP7_75t_R)                            7.91      15.35 r
  U21476/Y (INVx1_ASAP7_75t_R)                            6.22      21.57 f
  clk_r_REG1088_S1/D (DFFASRHQNx1_ASAP7_75t_R)            0.00      21.57 f
  data arrival time                                                 21.57

  clock clk (rise edge)                                   0.00       0.00
  clock network delay (ideal)                             0.00       0.00
  clock uncertainty                                       0.05       0.05
  clk_r_REG1088_S1/CLK (DFFASRHQNx1_ASAP7_75t_R)          0.00       0.05 r
  library hold time                                      20.32      20.37
  data required time                                                20.37
  --------------------------------------------------------------------------
  data required time                                                20.37
  data arrival time                                                -21.57
  --------------------------------------------------------------------------
  slack (MET)                                                        1.20


  Startpoint: a_in[1][3] (input port clocked by clk)
  Endpoint: clk_r_REG1093_S1
            (rising edge-triggered flip-flop clocked by clk)
  Path Group: clk
  Path Type: min

  Point                                                   Incr       Path
  --------------------------------------------------------------------------
  clock clk (rise edge)                                   0.00       0.00
  clock network delay (ideal)                             0.00       0.00
  input external delay                                    0.50       0.50 r
  a_in[1][3] (in)                                         0.00       0.50 r
  U32520/Y (INVxp33_ASAP7_75t_R)                          6.94       7.44 f
  U39792/Y (INVx1_ASAP7_75t_R)                            7.91      15.35 r
  U21477/Y (INVx1_ASAP7_75t_R)                            6.22      21.57 f
  clk_r_REG1093_S1/D (DFFASRHQNx1_ASAP7_75t_R)            0.00      21.57 f
  data arrival time                                                 21.57

  clock clk (rise edge)                                   0.00       0.00
  clock network delay (ideal)                             0.00       0.00
  clock uncertainty                                       0.05       0.05
  clk_r_REG1093_S1/CLK (DFFASRHQNx1_ASAP7_75t_R)          0.00       0.05 r
  library hold time                                      20.32      20.37
  data required time                                                20.37
  --------------------------------------------------------------------------
  data required time                                                20.37
  data arrival time                                                -21.57
  --------------------------------------------------------------------------
  slack (MET)                                                        1.20


  Startpoint: a_in[1][2] (input port clocked by clk)
  Endpoint: clk_r_REG1098_S1
            (rising edge-triggered flip-flop clocked by clk)
  Path Group: clk
  Path Type: min

  Point                                                   Incr       Path
  --------------------------------------------------------------------------
  clock clk (rise edge)                                   0.00       0.00
  clock network delay (ideal)                             0.00       0.00
  input external delay                                    0.50       0.50 r
  a_in[1][2] (in)                                         0.00       0.50 r
  U32466/Y (INVxp33_ASAP7_75t_R)                          6.94       7.44 f
  U39791/Y (INVx1_ASAP7_75t_R)                            7.91      15.35 r
  U21478/Y (INVx1_ASAP7_75t_R)                            6.22      21.57 f
  clk_r_REG1098_S1/D (DFFASRHQNx1_ASAP7_75t_R)            0.00      21.57 f
  data arrival time                                                 21.57

  clock clk (rise edge)                                   0.00       0.00
  clock network delay (ideal)                             0.00       0.00
  clock uncertainty                                       0.05       0.05
  clk_r_REG1098_S1/CLK (DFFASRHQNx1_ASAP7_75t_R)          0.00       0.05 r
  library hold time                                      20.32      20.37
  data required time                                                20.37
  --------------------------------------------------------------------------
  data required time                                                20.37
  data arrival time                                                -21.57
  --------------------------------------------------------------------------
  slack (MET)                                                        1.20


  Startpoint: a_in[1][1] (input port clocked by clk)
  Endpoint: clk_r_REG1103_S1
            (rising edge-triggered flip-flop clocked by clk)
  Path Group: clk
  Path Type: min

  Point                                                   Incr       Path
  --------------------------------------------------------------------------
  clock clk (rise edge)                                   0.00       0.00
  clock network delay (ideal)                             0.00       0.00
  input external delay                                    0.50       0.50 r
  a_in[1][1] (in)                                         0.00       0.50 r
  U32519/Y (INVxp33_ASAP7_75t_R)                          6.94       7.44 f
  U39790/Y (INVx1_ASAP7_75t_R)                            7.91      15.35 r
  U21479/Y (INVx1_ASAP7_75t_R)                            6.22      21.57 f
  clk_r_REG1103_S1/D (DFFASRHQNx1_ASAP7_75t_R)            0.00      21.57 f
  data arrival time                                                 21.57

  clock clk (rise edge)                                   0.00       0.00
  clock network delay (ideal)                             0.00       0.00
  clock uncertainty                                       0.05       0.05
  clk_r_REG1103_S1/CLK (DFFASRHQNx1_ASAP7_75t_R)          0.00       0.05 r
  library hold time                                      20.32      20.37
  data required time                                                20.37
  --------------------------------------------------------------------------
  data required time                                                20.37
  data arrival time                                                -21.57
  --------------------------------------------------------------------------
  slack (MET)                                                        1.20


  Startpoint: a_in[1][0] (input port clocked by clk)
  Endpoint: clk_r_REG1108_S1
            (rising edge-triggered flip-flop clocked by clk)
  Path Group: clk
  Path Type: min

  Point                                                   Incr       Path
  --------------------------------------------------------------------------
  clock clk (rise edge)                                   0.00       0.00
  clock network delay (ideal)                             0.00       0.00
  input external delay                                    0.50       0.50 r
  a_in[1][0] (in)                                         0.00       0.50 r
  U32518/Y (INVxp33_ASAP7_75t_R)                          6.94       7.44 f
  U39789/Y (INVx1_ASAP7_75t_R)                            7.91      15.35 r
  U21480/Y (INVx1_ASAP7_75t_R)                            6.22      21.57 f
  clk_r_REG1108_S1/D (DFFASRHQNx1_ASAP7_75t_R)            0.00      21.57 f
  data arrival time                                                 21.57

  clock clk (rise edge)                                   0.00       0.00
  clock network delay (ideal)                             0.00       0.00
  clock uncertainty                                       0.05       0.05
  clk_r_REG1108_S1/CLK (DFFASRHQNx1_ASAP7_75t_R)          0.00       0.05 r
  library hold time                                      20.32      20.37
  data required time                                                20.37
  --------------------------------------------------------------------------
  data required time                                                20.37
  data arrival time                                                -21.57
  --------------------------------------------------------------------------
  slack (MET)                                                        1.20


  Startpoint: a_in[2][7] (input port clocked by clk)
  Endpoint: clk_r_REG1113_S1
            (rising edge-triggered flip-flop clocked by clk)
  Path Group: clk
  Path Type: min

  Point                                                   Incr       Path
  --------------------------------------------------------------------------
  clock clk (rise edge)                                   0.00       0.00
  clock network delay (ideal)                             0.00       0.00
  input external delay                                    0.50       0.50 r
  a_in[2][7] (in)                                         0.00       0.50 r
  U32517/Y (INVxp33_ASAP7_75t_R)                          6.94       7.44 f
  U39788/Y (INVx1_ASAP7_75t_R)                            7.91      15.35 r
  U21505/Y (INVx1_ASAP7_75t_R)                            6.22      21.57 f
  clk_r_REG1113_S1/D (DFFASRHQNx1_ASAP7_75t_R)            0.00      21.57 f
  data arrival time                                                 21.57

  clock clk (rise edge)                                   0.00       0.00
  clock network delay (ideal)                             0.00       0.00
  clock uncertainty                                       0.05       0.05
  clk_r_REG1113_S1/CLK (DFFASRHQNx1_ASAP7_75t_R)          0.00       0.05 r
  library hold time                                      20.32      20.37
  data required time                                                20.37
  --------------------------------------------------------------------------
  data required time                                                20.37
  data arrival time                                                -21.57
  --------------------------------------------------------------------------
  slack (MET)                                                        1.20


  Startpoint: a_in[2][6] (input port clocked by clk)
  Endpoint: clk_r_REG1119_S1
            (rising edge-triggered flip-flop clocked by clk)
  Path Group: clk
  Path Type: min

  Point                                                   Incr       Path
  --------------------------------------------------------------------------
  clock clk (rise edge)                                   0.00       0.00
  clock network delay (ideal)                             0.00       0.00
  input external delay                                    0.50       0.50 r
  a_in[2][6] (in)                                         0.00       0.50 r
  U32516/Y (INVxp33_ASAP7_75t_R)                          6.94       7.44 f
  U39787/Y (INVx1_ASAP7_75t_R)                            7.91      15.35 r
  U21506/Y (INVx1_ASAP7_75t_R)                            6.22      21.57 f
  clk_r_REG1119_S1/D (DFFASRHQNx1_ASAP7_75t_R)            0.00      21.57 f
  data arrival time                                                 21.57

  clock clk (rise edge)                                   0.00       0.00
  clock network delay (ideal)                             0.00       0.00
  clock uncertainty                                       0.05       0.05
  clk_r_REG1119_S1/CLK (DFFASRHQNx1_ASAP7_75t_R)          0.00       0.05 r
  library hold time                                      20.32      20.37
  data required time                                                20.37
  --------------------------------------------------------------------------
  data required time                                                20.37
  data arrival time                                                -21.57
  --------------------------------------------------------------------------
  slack (MET)                                                        1.20


  Startpoint: a_in[2][5] (input port clocked by clk)
  Endpoint: clk_r_REG1125_S1
            (rising edge-triggered flip-flop clocked by clk)
  Path Group: clk
  Path Type: min

  Point                                                   Incr       Path
  --------------------------------------------------------------------------
  clock clk (rise edge)                                   0.00       0.00
  clock network delay (ideal)                             0.00       0.00
  input external delay                                    0.50       0.50 r
  a_in[2][5] (in)                                         0.00       0.50 r
  U32515/Y (INVxp33_ASAP7_75t_R)                          6.94       7.44 f
  U39786/Y (INVx1_ASAP7_75t_R)                            7.91      15.35 r
  U21507/Y (INVx1_ASAP7_75t_R)                            6.22      21.57 f
  clk_r_REG1125_S1/D (DFFASRHQNx1_ASAP7_75t_R)            0.00      21.57 f
  data arrival time                                                 21.57

  clock clk (rise edge)                                   0.00       0.00
  clock network delay (ideal)                             0.00       0.00
  clock uncertainty                                       0.05       0.05
  clk_r_REG1125_S1/CLK (DFFASRHQNx1_ASAP7_75t_R)          0.00       0.05 r
  library hold time                                      20.32      20.37
  data required time                                                20.37
  --------------------------------------------------------------------------
  data required time                                                20.37
  data arrival time                                                -21.57
  --------------------------------------------------------------------------
  slack (MET)                                                        1.20


  Startpoint: a_in[2][4] (input port clocked by clk)
  Endpoint: clk_r_REG1131_S1
            (rising edge-triggered flip-flop clocked by clk)
  Path Group: clk
  Path Type: min

  Point                                                   Incr       Path
  --------------------------------------------------------------------------
  clock clk (rise edge)                                   0.00       0.00
  clock network delay (ideal)                             0.00       0.00
  input external delay                                    0.50       0.50 r
  a_in[2][4] (in)                                         0.00       0.50 r
  U32514/Y (INVxp33_ASAP7_75t_R)                          6.94       7.44 f
  U39785/Y (INVx1_ASAP7_75t_R)                            7.91      15.35 r
  U21508/Y (INVx1_ASAP7_75t_R)                            6.22      21.57 f
  clk_r_REG1131_S1/D (DFFASRHQNx1_ASAP7_75t_R)            0.00      21.57 f
  data arrival time                                                 21.57

  clock clk (rise edge)                                   0.00       0.00
  clock network delay (ideal)                             0.00       0.00
  clock uncertainty                                       0.05       0.05
  clk_r_REG1131_S1/CLK (DFFASRHQNx1_ASAP7_75t_R)          0.00       0.05 r
  library hold time                                      20.32      20.37
  data required time                                                20.37
  --------------------------------------------------------------------------
  data required time                                                20.37
  data arrival time                                                -21.57
  --------------------------------------------------------------------------
  slack (MET)                                                        1.20


  Startpoint: a_in[2][3] (input port clocked by clk)
  Endpoint: clk_r_REG1137_S1
            (rising edge-triggered flip-flop clocked by clk)
  Path Group: clk
  Path Type: min

  Point                                                   Incr       Path
  --------------------------------------------------------------------------
  clock clk (rise edge)                                   0.00       0.00
  clock network delay (ideal)                             0.00       0.00
  input external delay                                    0.50       0.50 r
  a_in[2][3] (in)                                         0.00       0.50 r
  U32465/Y (INVxp33_ASAP7_75t_R)                          6.94       7.44 f
  U39784/Y (INVx1_ASAP7_75t_R)                            7.91      15.35 r
  U21509/Y (INVx1_ASAP7_75t_R)                            6.22      21.57 f
  clk_r_REG1137_S1/D (DFFASRHQNx1_ASAP7_75t_R)            0.00      21.57 f
  data arrival time                                                 21.57

  clock clk (rise edge)                                   0.00       0.00
  clock network delay (ideal)                             0.00       0.00
  clock uncertainty                                       0.05       0.05
  clk_r_REG1137_S1/CLK (DFFASRHQNx1_ASAP7_75t_R)          0.00       0.05 r
  library hold time                                      20.32      20.37
  data required time                                                20.37
  --------------------------------------------------------------------------
  data required time                                                20.37
  data arrival time                                                -21.57
  --------------------------------------------------------------------------
  slack (MET)                                                        1.20


  Startpoint: a_in[2][2] (input port clocked by clk)
  Endpoint: clk_r_REG1143_S1
            (rising edge-triggered flip-flop clocked by clk)
  Path Group: clk
  Path Type: min

  Point                                                   Incr       Path
  --------------------------------------------------------------------------
  clock clk (rise edge)                                   0.00       0.00
  clock network delay (ideal)                             0.00       0.00
  input external delay                                    0.50       0.50 r
  a_in[2][2] (in)                                         0.00       0.50 r
  U32513/Y (INVxp33_ASAP7_75t_R)                          6.94       7.44 f
  U39783/Y (INVx1_ASAP7_75t_R)                            7.91      15.35 r
  U21510/Y (INVx1_ASAP7_75t_R)                            6.22      21.57 f
  clk_r_REG1143_S1/D (DFFASRHQNx1_ASAP7_75t_R)            0.00      21.57 f
  data arrival time                                                 21.57

  clock clk (rise edge)                                   0.00       0.00
  clock network delay (ideal)                             0.00       0.00
  clock uncertainty                                       0.05       0.05
  clk_r_REG1143_S1/CLK (DFFASRHQNx1_ASAP7_75t_R)          0.00       0.05 r
  library hold time                                      20.32      20.37
  data required time                                                20.37
  --------------------------------------------------------------------------
  data required time                                                20.37
  data arrival time                                                -21.57
  --------------------------------------------------------------------------
  slack (MET)                                                        1.20


  Startpoint: a_in[2][1] (input port clocked by clk)
  Endpoint: clk_r_REG1149_S1
            (rising edge-triggered flip-flop clocked by clk)
  Path Group: clk
  Path Type: min

  Point                                                   Incr       Path
  --------------------------------------------------------------------------
  clock clk (rise edge)                                   0.00       0.00
  clock network delay (ideal)                             0.00       0.00
  input external delay                                    0.50       0.50 r
  a_in[2][1] (in)                                         0.00       0.50 r
  U32512/Y (INVxp33_ASAP7_75t_R)                          6.94       7.44 f
  U39782/Y (INVx1_ASAP7_75t_R)                            7.91      15.35 r
  U21511/Y (INVx1_ASAP7_75t_R)                            6.22      21.57 f
  clk_r_REG1149_S1/D (DFFASRHQNx1_ASAP7_75t_R)            0.00      21.57 f
  data arrival time                                                 21.57

  clock clk (rise edge)                                   0.00       0.00
  clock network delay (ideal)                             0.00       0.00
  clock uncertainty                                       0.05       0.05
  clk_r_REG1149_S1/CLK (DFFASRHQNx1_ASAP7_75t_R)          0.00       0.05 r
  library hold time                                      20.32      20.37
  data required time                                                20.37
  --------------------------------------------------------------------------
  data required time                                                20.37
  data arrival time                                                -21.57
  --------------------------------------------------------------------------
  slack (MET)                                                        1.20


  Startpoint: a_in[2][0] (input port clocked by clk)
  Endpoint: clk_r_REG1155_S1
            (rising edge-triggered flip-flop clocked by clk)
  Path Group: clk
  Path Type: min

  Point                                                   Incr       Path
  --------------------------------------------------------------------------
  clock clk (rise edge)                                   0.00       0.00
  clock network delay (ideal)                             0.00       0.00
  input external delay                                    0.50       0.50 r
  a_in[2][0] (in)                                         0.00       0.50 r
  U32511/Y (INVxp33_ASAP7_75t_R)                          6.94       7.44 f
  U39781/Y (INVx1_ASAP7_75t_R)                            7.91      15.35 r
  U21512/Y (INVx1_ASAP7_75t_R)                            6.22      21.57 f
  clk_r_REG1155_S1/D (DFFASRHQNx1_ASAP7_75t_R)            0.00      21.57 f
  data arrival time                                                 21.57

  clock clk (rise edge)                                   0.00       0.00
  clock network delay (ideal)                             0.00       0.00
  clock uncertainty                                       0.05       0.05
  clk_r_REG1155_S1/CLK (DFFASRHQNx1_ASAP7_75t_R)          0.00       0.05 r
  library hold time                                      20.32      20.37
  data required time                                                20.37
  --------------------------------------------------------------------------
  data required time                                                20.37
  data arrival time                                                -21.57
  --------------------------------------------------------------------------
  slack (MET)                                                        1.20


  Startpoint: a_in[3][7] (input port clocked by clk)
  Endpoint: clk_r_REG1161_S1
            (rising edge-triggered flip-flop clocked by clk)
  Path Group: clk
  Path Type: min

  Point                                                   Incr       Path
  --------------------------------------------------------------------------
  clock clk (rise edge)                                   0.00       0.00
  clock network delay (ideal)                             0.00       0.00
  input external delay                                    0.50       0.50 r
  a_in[3][7] (in)                                         0.00       0.50 r
  U32510/Y (INVxp33_ASAP7_75t_R)                          6.94       7.44 f
  U39780/Y (INVx1_ASAP7_75t_R)                            7.91      15.35 r
  U21545/Y (INVx1_ASAP7_75t_R)                            6.22      21.57 f
  clk_r_REG1161_S1/D (DFFASRHQNx1_ASAP7_75t_R)            0.00      21.57 f
  data arrival time                                                 21.57

  clock clk (rise edge)                                   0.00       0.00
  clock network delay (ideal)                             0.00       0.00
  clock uncertainty                                       0.05       0.05
  clk_r_REG1161_S1/CLK (DFFASRHQNx1_ASAP7_75t_R)          0.00       0.05 r
  library hold time                                      20.32      20.37
  data required time                                                20.37
  --------------------------------------------------------------------------
  data required time                                                20.37
  data arrival time                                                -21.57
  --------------------------------------------------------------------------
  slack (MET)                                                        1.20


  Startpoint: a_in[3][6] (input port clocked by clk)
  Endpoint: clk_r_REG1168_S1
            (rising edge-triggered flip-flop clocked by clk)
  Path Group: clk
  Path Type: min

  Point                                                   Incr       Path
  --------------------------------------------------------------------------
  clock clk (rise edge)                                   0.00       0.00
  clock network delay (ideal)                             0.00       0.00
  input external delay                                    0.50       0.50 r
  a_in[3][6] (in)                                         0.00       0.50 r
  U32509/Y (INVxp33_ASAP7_75t_R)                          6.94       7.44 f
  U39779/Y (INVx1_ASAP7_75t_R)                            7.91      15.35 r
  U21546/Y (INVx1_ASAP7_75t_R)                            6.22      21.57 f
  clk_r_REG1168_S1/D (DFFASRHQNx1_ASAP7_75t_R)            0.00      21.57 f
  data arrival time                                                 21.57

  clock clk (rise edge)                                   0.00       0.00
  clock network delay (ideal)                             0.00       0.00
  clock uncertainty                                       0.05       0.05
  clk_r_REG1168_S1/CLK (DFFASRHQNx1_ASAP7_75t_R)          0.00       0.05 r
  library hold time                                      20.32      20.37
  data required time                                                20.37
  --------------------------------------------------------------------------
  data required time                                                20.37
  data arrival time                                                -21.57
  --------------------------------------------------------------------------
  slack (MET)                                                        1.20


  Startpoint: a_in[3][5] (input port clocked by clk)
  Endpoint: clk_r_REG1175_S1
            (rising edge-triggered flip-flop clocked by clk)
  Path Group: clk
  Path Type: min

  Point                                                   Incr       Path
  --------------------------------------------------------------------------
  clock clk (rise edge)                                   0.00       0.00
  clock network delay (ideal)                             0.00       0.00
  input external delay                                    0.50       0.50 r
  a_in[3][5] (in)                                         0.00       0.50 r
  U32508/Y (INVxp33_ASAP7_75t_R)                          6.94       7.44 f
  U39778/Y (INVx1_ASAP7_75t_R)                            7.91      15.35 r
  U21547/Y (INVx1_ASAP7_75t_R)                            6.22      21.57 f
  clk_r_REG1175_S1/D (DFFASRHQNx1_ASAP7_75t_R)            0.00      21.57 f
  data arrival time                                                 21.57

  clock clk (rise edge)                                   0.00       0.00
  clock network delay (ideal)                             0.00       0.00
  clock uncertainty                                       0.05       0.05
  clk_r_REG1175_S1/CLK (DFFASRHQNx1_ASAP7_75t_R)          0.00       0.05 r
  library hold time                                      20.32      20.37
  data required time                                                20.37
  --------------------------------------------------------------------------
  data required time                                                20.37
  data arrival time                                                -21.57
  --------------------------------------------------------------------------
  slack (MET)                                                        1.20


  Startpoint: a_in[3][4] (input port clocked by clk)
  Endpoint: clk_r_REG1182_S1
            (rising edge-triggered flip-flop clocked by clk)
  Path Group: clk
  Path Type: min

  Point                                                   Incr       Path
  --------------------------------------------------------------------------
  clock clk (rise edge)                                   0.00       0.00
  clock network delay (ideal)                             0.00       0.00
  input external delay                                    0.50       0.50 r
  a_in[3][4] (in)                                         0.00       0.50 r
  U32464/Y (INVxp33_ASAP7_75t_R)                          6.94       7.44 f
  U39777/Y (INVx1_ASAP7_75t_R)                            7.91      15.35 r
  U21548/Y (INVx1_ASAP7_75t_R)                            6.22      21.57 f
  clk_r_REG1182_S1/D (DFFASRHQNx1_ASAP7_75t_R)            0.00      21.57 f
  data arrival time                                                 21.57

  clock clk (rise edge)                                   0.00       0.00
  clock network delay (ideal)                             0.00       0.00
  clock uncertainty                                       0.05       0.05
  clk_r_REG1182_S1/CLK (DFFASRHQNx1_ASAP7_75t_R)          0.00       0.05 r
  library hold time                                      20.32      20.37
  data required time                                                20.37
  --------------------------------------------------------------------------
  data required time                                                20.37
  data arrival time                                                -21.57
  --------------------------------------------------------------------------
  slack (MET)                                                        1.20


1
